[nahartheme.com/tf/kinley-preview/index.html]
[backblue.gif]
[fade.gif]
[index.html]
[nahartheme.com/tf/kinley-preview/assets/img/favicon.ico]
[nahartheme.com/tf/kinley-preview/assets/css/bootstrap.min.css]
[nahartheme.com/tf/kinley-preview/assets/css/magnific-popup.css]
[nahartheme.com/tf/kinley-preview/assets/css/owl.carousel.min.css]
[nahartheme.com/tf/kinley-preview/assets/css/font-awesome.min.css]
[nahartheme.com/tf/kinley-preview/assets/css/pe-icon-7-stroke.css]
[nahartheme.com/tf/kinley-preview/lib/css/nivo-slider.css]
[nahartheme.com/tf/kinley-preview/lib/css/preview.css]
[nahartheme.com/tf/kinley-preview/assets/css/animate.css]
[nahartheme.com/tf/kinley-preview/assets/css/meanmenu.min.css]
[nahartheme.com/tf/kinley-preview/assets/css/bundle.css]
[nahartheme.com/tf/kinley-preview/assets/css/style.css]
[nahartheme.com/tf/kinley-preview/assets/css/responsive.css]
[nahartheme.com/tf/kinley-preview/assets/js/vendor/modernizr-2.8.3.min.js]
[nahartheme.com/tf/kinley-preview/index-2.html]
[nahartheme.com/tf/kinley-preview/assets/img/logo/logo-black.png]
[nahartheme.com/tf/kinley-preview/wishlist.html]
[nahartheme.com/tf/kinley-preview/checkout.html]
[nahartheme.com/tf/kinley-preview/login.html]
[nahartheme.com/tf/kinley-preview/register.html]
[nahartheme.com/tf/kinley-preview/cart.html]
[nahartheme.com/tf/kinley-preview/assets/img/cart/1.jpg]
[nahartheme.com/tf/kinley-preview/index-3.html]
[nahartheme.com/tf/kinley-preview/index-4.html]
[nahartheme.com/tf/kinley-preview/shop-page.html]
[nahartheme.com/tf/kinley-preview/assets/img/shop/1.jpg]
[nahartheme.com/tf/kinley-preview/about-us.html]
[nahartheme.com/tf/kinley-preview/contact.html]
[nahartheme.com/tf/kinley-preview/shop-list.html]
[nahartheme.com/tf/kinley-preview/single-product.html]
[nahartheme.com/tf/kinley-preview/404.html]
[nahartheme.com/tf/kinley-preview/blog-page.html]
[nahartheme.com/tf/kinley-preview/blog-sidebar.html]
[nahartheme.com/tf/kinley-preview/blog-right-sidebar.html]
[nahartheme.com/tf/kinley-preview/blog-details.html]
[nahartheme.com/tf/kinley-preview/assets/img/slider/1.jpg]
[nahartheme.com/tf/kinley-preview/assets/img/slider/2.jpg]
[nahartheme.com/tf/kinley-preview/assets/img/shop/equal/1.jpg]
[nahartheme.com/tf/kinley-preview/assets/img/shop/equal/2.jpg]
[nahartheme.com/tf/kinley-preview/assets/img/shop/equal/3.jpg]
[nahartheme.com/tf/kinley-preview/assets/img/shop/equal/4.jpg]
[nahartheme.com/tf/kinley-preview/assets/img/shop/equal/5.jpg]
[nahartheme.com/tf/kinley-preview/assets/img/shop/equal/6.jpg]
[nahartheme.com/tf/kinley-preview/assets/img/shop/equal/7.jpg]
[nahartheme.com/tf/kinley-preview/assets/img/blog/1.jpg]
[nahartheme.com/tf/kinley-preview/assets/img/blog/2.jpg]
[nahartheme.com/tf/kinley-preview/assets/img/blog/3.jpg]
[nahartheme.com/tf/kinley-preview/assets/img/shop/q2.jpg]
[nahartheme.com/tf/kinley-preview/assets/img/shop/q3.jpg]
[nahartheme.com/tf/kinley-preview/assets/img/shop/q4.jpg]
[nahartheme.com/tf/kinley-preview/assets/js/vendor/jquery-1.12.0.min.js]
[nahartheme.com/tf/kinley-preview/assets/js/bootstrap.min.js]
[nahartheme.com/tf/kinley-preview/assets/js/jquery.meanmenu.js]
[nahartheme.com/tf/kinley-preview/assets/js/jquery.magnific-popup.min.js]
[nahartheme.com/tf/kinley-preview/assets/js/imagesloaded.pkgd.min.js]
[nahartheme.com/tf/kinley-preview/assets/js/isotope.pkgd.min.js]
[nahartheme.com/tf/kinley-preview/assets/js/jquery.validate.min.js]
[nahartheme.com/tf/kinley-preview/lib/js/jquery.nivo.slider.js]
[nahartheme.com/tf/kinley-preview/assets/js/owl.carousel.min.js]
[nahartheme.com/tf/kinley-preview/lib/home.js]
[nahartheme.com/tf/kinley-preview/index.html]
[nahartheme.com/tf/kinley-preview/assets/js/main.js]
[nahartheme.com/tf/kinley-preview/assets/fonts/glyphicons-halflings-regular.html]
[nahartheme.com/tf/kinley-preview/assets/fonts/glyphicons-halflings-regulard41dd41d.html]
[nahartheme.com/tf/kinley-preview/assets/fonts/glyphicons-halflings-regular-2.html]
[nahartheme.com/tf/kinley-preview/assets/js/plugins.js]
[nahartheme.com/tf/kinley-preview/assets/fonts/glyphicons-halflings-regular-3.html]
[nahartheme.com/tf/kinley-preview/assets/fonts/glyphicons-halflings-regular-4.html]
[nahartheme.com/tf/kinley-preview/assets/fonts/glyphicons-halflings-regular-5.html]
[nahartheme.com/tf/kinley-preview/assets/css/bootstrap.min.css]
[nahartheme.com/tf/kinley-preview/assets/css/magnific-popup.css]
[nahartheme.com/tf/kinley-preview/assets/css/owl.carousel.min.css]
[nahartheme.com/tf/kinley-preview/assets/fonts/fontawesome-webfont3e6e3e6e.eot]
[nahartheme.com/tf/kinley-preview/assets/fonts/fontawesome-webfontd41dd41d.eot]
[nahartheme.com/tf/kinley-preview/assets/fonts/fontawesome-webfont3e6e3e6e.woff2]
[nahartheme.com/tf/kinley-preview/assets/fonts/fontawesome-webfont3e6e3e6e.woff]
[nahartheme.com/tf/kinley-preview/assets/fonts/fontawesome-webfont3e6e3e6e.svg]
[nahartheme.com/tf/kinley-preview/assets/css/font-awesome.min.css]
[nahartheme.com/tf/kinley-preview/assets/fonts/Pe-icon-7-strokebb1dbb1d.eot]
[nahartheme.com/tf/kinley-preview/assets/fonts/Pe-icon-7-stroked41dd41d.eot]
[nahartheme.com/tf/kinley-preview/assets/fonts/Pe-icon-7-strokebb1dbb1d.woff]
[nahartheme.com/tf/kinley-preview/assets/fonts/Pe-icon-7-strokebb1dbb1d.ttf]
[nahartheme.com/tf/kinley-preview/assets/css/pe-icon-7-stroke.css]
[nahartheme.com/tf/kinley-preview/lib/css/nivo-slider.css]
[nahartheme.com/tf/kinley-preview/assets/fonts/Pe-icon-7-strokebb1dbb1d.svg]
[nahartheme.com/tf/kinley-preview/lib/img/loading.gif]
[nahartheme.com/tf/kinley-preview/lib/img/bullets.png]
[nahartheme.com/tf/kinley-preview/lib/img/arrows.png]
[nahartheme.com/tf/kinley-preview/lib/css/preview.css]
[nahartheme.com/tf/kinley-preview/assets/css/animate.css]
[nahartheme.com/tf/kinley-preview/assets/css/meanmenu.min.css]
[nahartheme.com/tf/kinley-preview/assets/css/bundle.css]
[nahartheme.com/tf/kinley-preview/assets/img/bg/11.jpg]
[nahartheme.com/tf/kinley-preview/assets/img/bg/2.jpg]
[nahartheme.com/tf/kinley-preview/assets/img/icon-img/1.png]
[nahartheme.com/tf/kinley-preview/assets/img/icons/invalid.png]
[nahartheme.com/tf/kinley-preview/assets/img/icons/valid.png]
[nahartheme.com/tf/kinley-preview/assets/css/style.css]
[nahartheme.com/tf/kinley-preview/assets/css/responsive.css]
[nahartheme.com/tf/kinley-preview/index-2.html]
[nahartheme.com/tf/kinley-preview/assets/img/cart/2.jpg]
[nahartheme.com/tf/kinley-preview/wishlist.html]
[nahartheme.com/tf/kinley-preview/checkout.html]
[nahartheme.com/tf/kinley-preview/login.html]
[nahartheme.com/tf/kinley-preview/register.html]
[nahartheme.com/tf/kinley-preview/cart.html]
[nahartheme.com/tf/kinley-preview/assets/img/banner/9.jpg]
[nahartheme.com/tf/kinley-preview/index-3.html]
[nahartheme.com/tf/kinley-preview/assets/css/animate-headline.css]
[nahartheme.com/tf/kinley-preview/assets/img/logo/logo.png]
[nahartheme.com/tf/kinley-preview/assets/img/banner/10.jpg]
[nahartheme.com/tf/kinley-preview/assets/img/banner/11.jpg]
[nahartheme.com/tf/kinley-preview/assets/img/banner/13.jpg]
[nahartheme.com/tf/kinley-preview/assets/img/banner/14.jpg]
[nahartheme.com/tf/kinley-preview/index-4.html]
[nahartheme.com/tf/kinley-preview/assets/img/shop/2.jpg]
[nahartheme.com/tf/kinley-preview/assets/img/shop/equal/12.jpg]
[nahartheme.com/tf/kinley-preview/assets/img/shop/equal/11.jpg]
[nahartheme.com/tf/kinley-preview/assets/img/shop/equal/10.jpg]
[nahartheme.com/tf/kinley-preview/assets/img/shop/equal/9.jpg]
[nahartheme.com/tf/kinley-preview/shop-page.html]
[nahartheme.com/tf/kinley-preview/assets/img/banner/15.jpg]
[nahartheme.com/tf/kinley-preview/assets/img/team/team-2.jpg]
[nahartheme.com/tf/kinley-preview/assets/img/team/team-3.jpg]
[nahartheme.com/tf/kinley-preview/assets/img/team/6.jpg]
[nahartheme.com/tf/kinley-preview/assets/img/team/7.jpg]
[nahartheme.com/tf/kinley-preview/about-us.html]
[nahartheme.com/tf/kinley-preview/contact.html]
[nahartheme.com/tf/kinley-preview/shop-list.html]
[nahartheme.com/tf/kinley-preview/assets/img/shop/3.jpg]
[nahartheme.com/tf/kinley-preview/assets/img/shop/4.jpg]
[nahartheme.com/tf/kinley-preview/assets/img/shop/6.jpg]
[nahartheme.com/tf/kinley-preview/single-product.html]
[nahartheme.com/tf/kinley-preview/404.html]
[nahartheme.com/tf/kinley-preview/assets/img/blog/4.jpg]
[nahartheme.com/tf/kinley-preview/assets/img/blog/5.jpg]
[nahartheme.com/tf/kinley-preview/assets/img/blog/6.jpg]
[nahartheme.com/tf/kinley-preview/blog-page.html]
[nahartheme.com/tf/kinley-preview/assets/img/blog/s1.jpg]
[nahartheme.com/tf/kinley-preview/assets/img/blog/s2.jpg]
[nahartheme.com/tf/kinley-preview/assets/img/blog/s3.jpg]
[nahartheme.com/tf/kinley-preview/blog-sidebar.html]
[nahartheme.com/tf/kinley-preview/blog-right-sidebar.html]
[nahartheme.com/tf/kinley-preview/assets/img/testimonial/1.jpg]
[nahartheme.com/tf/kinley-preview/assets/img/testimonial/2.jpg]
[nahartheme.com/tf/kinley-preview/assets/img/testimonial/3.jpg]
[nahartheme.com/tf/kinley-preview/blog-details.html]
[nahartheme.com/tf/kinley-preview/assets/img/shop/equal/8.jpg]
[nahartheme.com/tf/kinley-preview/assets/img/shop/q1.jpg]
[nahartheme.com/tf/kinley-preview/assets/fonts/glyphicons-halflings-regular.html]
[nahartheme.com/tf/kinley-preview/assets/fonts/glyphicons-halflings-regulard41dd41d.html]
[nahartheme.com/tf/kinley-preview/assets/fonts/glyphicons-halflings-regular-2.html]
[nahartheme.com/tf/kinley-preview/assets/fonts/glyphicons-halflings-regular-3.html]
[nahartheme.com/tf/kinley-preview/assets/fonts/glyphicons-halflings-regular-4.html]
[nahartheme.com/tf/kinley-preview/assets/fonts/glyphicons-halflings-regular-5.html]
[nahartheme.com/tf/kinley-preview/assets/css/owl.video.play.html]
[nahartheme.com/tf/kinley-preview/assets/fonts/fontawesome-webfont3e6e3e6e.ttf]
[nahartheme.com/tf/kinley-preview/assets/fonts/fontawesome-webfont3e6e3e6e.svg]
[nahartheme.com/tf/kinley-preview/assets/fonts/Pe-icon-7-strokebb1dbb1d.svg]
[nahartheme.com/tf/kinley-preview/images/bg/1.html]
[nahartheme.com/tf/kinley-preview/images/bg/2.html]
[nahartheme.com/tf/kinley-preview/images/bg/3.html]
[nahartheme.com/tf/kinley-preview/images/bg/4.html]
[nahartheme.com/tf/kinley-preview/images/bg/5.html]
[nahartheme.com/tf/kinley-preview/images/bg/6.html]
[nahartheme.com/tf/kinley-preview/images/bg/7.html]
[nahartheme.com/tf/kinley-preview/images/bg/8.html]
[nahartheme.com/tf/kinley-preview/images/bg/9.html]
[nahartheme.com/tf/kinley-preview/images/bg/10.html]
[nahartheme.com/tf/kinley-preview/images/pattern/pattern-bg.html]
[nahartheme.com/tf/kinley-preview/assets/css/animate-headline.css]
[nahartheme.com/tf/kinley-preview/assets/css/jquery-ui.css]
[nahartheme.com/tf/kinley-preview/assets/img/team/team-1.jpg]
[nahartheme.com/tf/kinley-preview/assets/img/team/team-4.jpg]
[nahartheme.com/tf/kinley-preview/assets/img/team/5.jpg]
[nahartheme.com/tf/kinley-preview/assets/img/shop/5.jpg]
[nahartheme.com/tf/kinley-preview/assets/img/blog/blog-details.html]
[nahartheme.com/tf/kinley-preview/assets/css/jquery-ui.css]
[nahartheme.com/tf/kinley-preview/assets/img/banner/12.jpg]
[nahartheme.com/tf/kinley-preview/assets/css/images/ui-bg_inset-hard_100_fcfdfd_1x100.html]
[nahartheme.com/tf/kinley-preview/assets/css/images/ui-bg_gloss-wave_55_5c9ccc_500x100.html]
[nahartheme.com/tf/kinley-preview/assets/css/images/ui-bg_glass_85_dfeffc_1x400.html]
[nahartheme.com/tf/kinley-preview/assets/css/images/ui-bg_glass_75_d0e5f5_1x400.html]
[nahartheme.com/tf/kinley-preview/assets/css/images/ui-bg_inset-hard_100_f5f8f9_1x100.html]
[nahartheme.com/tf/kinley-preview/assets/css/images/ui-bg_glass_95_fef1ec_1x400.html]
[nahartheme.com/tf/kinley-preview/assets/css/images/ui-icons_469bdd_256x240.html]
[nahartheme.com/tf/kinley-preview/assets/css/images/ui-icons_d8e7f3_256x240.html]
[nahartheme.com/tf/kinley-preview/assets/css/images/ui-icons_6da8d5_256x240.html]
[nahartheme.com/tf/kinley-preview/assets/css/images/ui-icons_217bc0_256x240.html]
[nahartheme.com/tf/kinley-preview/assets/css/images/ui-icons_f9bd01_256x240.html]
[nahartheme.com/tf/kinley-preview/assets/css/images/ui-icons_2e83ff_256x240.html]
[nahartheme.com/tf/kinley-preview/assets/css/images/ui-icons_cd0a0a_256x240.html]
